

Sun Aug 27 17:45:43 2017
Command line: TestDisk

TestDisk 7.0, Data Recovery Utility, April 2015
Christophe GRENIER <grenier@cgsecurity.org>
http://www.cgsecurity.org
OS: Linux, kernel 4.4.0-53-generic (#74-Ubuntu SMP Fri Dec 2 15:59:10 UTC 2016) x86_64
Compiler: GCC 5.3
ext2fs lib: 1.42.13, ntfs lib: libntfs-3g, reiserfs lib: none, ewf lib: none, curses lib: ncurses 6.0
/dev/sda: LBA, LBA48 support
/dev/sda: size       42213632 sectors
/dev/sda: user_max   42213632 sectors
Warning: can't get size for Disk /dev/mapper/control - 0 B - 0 sectors, sector size=512
Hard disk list
Disk /dev/sda - 21 GB / 20 GiB - CHS 2627 255 63, sector size=512 - VBOX HARDDISK, S/N:VB52aac8c1-6105f7f7, FW:1.0

Partition table type (auto): EFI GPT
Disk /dev/sda - 21 GB / 20 GiB - VBOX HARDDISK
Partition table type: Intel

Interface Advanced
Geometry from i386 MBR: head=255 sector=63
BAD_RS LBA=1 0
check_part_i386 1 type EE: no test
 1 P EFI GPT                  0   0  2  2627 172 41   42213631

Analyse Disk /dev/sda - 21 GB / 20 GiB - CHS 2627 255 63
Geometry from i386 MBR: head=255 sector=63
BAD_RS LBA=1 0
check_part_i386 1 type EE: no test
Current partition structure:
 1 P EFI GPT                  0   0  2  2627 172 41   42213631

Bad relative sector.
No partition is bootable

search_part()
Disk /dev/sda - 21 GB / 20 GiB - CHS 2627 255 63
FAT32 at 0/32/33
FAT1 : 32-1053
FAT2 : 1054-2075
start_rootdir : 2076 root cluster : 2
Data : 2076-1048571
sectors : 1048576
cluster_size : 8
no_of_cluster : 130812 (2 - 130813)
fat_length 1022 calculated 1022
set_FAT_info: name from BS used

FAT32 at 0/32/33
     FAT32                    0  32 33    65 101 36    1048576 [NO NAME]
     FAT32, blocksize=4096, 536 MB / 512 MiB

recover_EXT2: s_block_group_nr=0/93, s_mnt_count=5/4294967295, s_blocks_per_group=32768, s_inodes_per_group=8112
recover_EXT2: s_blocksize=4096
recover_EXT2: s_blocks_count 3048584
recover_EXT2: part_size 24388672
     Linux                   65 101 37  1583 133 22   24388672
     ext4 blocksize=4096 Large_file Sparse_SB Recover, 12 GB / 11 GiB
     Linux Swap            1583 148 38  2627 168 21   16773104
     SWAP2 version 1, pagesize=4096, 8587 MB / 8189 MiB

Results
   * FAT32                    0  32 33    65 101 36    1048576 [NO NAME]
     FAT32, blocksize=4096, 536 MB / 512 MiB
   P Linux                   65 101 37  1583 148 37   24389632
     ext4 blocksize=4096 Large_file Sparse_SB Recover, 12 GB / 11 GiB
   P Linux Swap            1583 148 38  2627 168 37   16773120
     SWAP2 version 1, pagesize=4096, 8587 MB / 8190 MiB

Hint for advanced users. dmsetup may be used if you prefer to avoid to rewrite the partition table for the moment:
echo "0 1048576 linear /dev/sda 2048" | dmsetup create test0
echo "0 24389632 linear /dev/sda 1050624" | dmsetup create test1
echo "0 16773120 linear /dev/sda 25440256" | dmsetup create test2


dir_partition inode=2
   P Linux                   65 101 37  1583 148 37   24389632
     ext4 blocksize=4096 Large_file Sparse_SB Recover, 12 GB / 11 GiB
Directory /
       2 drwxr-xr-x     0      0      4096 26-Aug-2017 16:53 .
       2 drwxr-xr-x     0      0      4096 26-Aug-2017 16:53 ..
      11 drwx------     0      0     16384 26-Aug-2017 16:47 lost+found
  129793 drwxr-xr-x     0      0      4096 26-Aug-2017 17:35 boot
  389377 drwxr-xr-x     0      0     12288 27-Aug-2017 17:13 etc
  519169 drwxr-xr-x     0      0      4096 26-Aug-2017 17:01 media
  389379 drwxr-xr-x     0      0     12288 26-Aug-2017 17:30 bin
  519170 drwxr-xr-x     0      0      4096 14-Dec-2016 07:24 dev
  389380 drwxr-xr-x     0      0      4096 26-Aug-2017 16:50 home
  519171 drwxr-xr-x     0      0      4096 26-Aug-2017 17:37 lib
      12 drwxr-xr-x     0      0      4096 26-Aug-2017 17:27 lib64
  129795 drwxr-xr-x     0      0      4096 14-Dec-2016 06:43 mnt
  389381 drwxr-xr-x     0      0      4096 26-Aug-2017 17:39 opt
  519172 drwxr-xr-x     0      0      4096 13-Apr-2016 01:44 proc
      13 drwx------     0      0      4096 26-Aug-2017 20:57 root
  129796 drwxr-xr-x     0      0      4096 14-Dec-2016 07:26 run
  519173 drwxr-xr-x     0      0     12288 26-Aug-2017 17:37 sbin
      14 drwxr-xr-x     0      0      4096 14-Dec-2016 06:43 srv
  129797 drwxr-xr-x     0      0      4096  5-Feb-2016 15:18 sys
  389382 drwxrwxrwt     0      0      4096 27-Aug-2017 17:44 tmp
      15 drwxr-xr-x     0      0      4096 14-Dec-2016 06:43 usr
  389383 drwxr-xr-x     0      0      4096 26-Aug-2017 17:37 var
      16 lrwxrwxrwx     0      0        29 26-Aug-2017 16:53 vmlinuz
      17 lrwxrwxrwx     0      0        32 26-Aug-2017 16:53 initrd.img
  551176 drwxr-xr-x     0      0      4096 26-Aug-2017 16:50 cdrom

dir_partition inode=389383
   P Linux                   65 101 37  1583 148 37   24389632
     ext4 blocksize=4096 Large_file Sparse_SB Recover, 12 GB / 11 GiB
Directory /var
  389383 drwxr-xr-x     0      0      4096 26-Aug-2017 17:37 .
       2 drwxr-xr-x     0      0      4096 26-Aug-2017 16:53 ..
  451053 drwxr-xr-x     0      0      4096 27-Aug-2017 12:09 backups
  451054 drwxr-xr-x     0      0      4096 26-Aug-2017 17:42 cache
  451055 drwxr-xr-x     0      0      4096 26-Aug-2017 22:20 lib
  451056 drwxrwsr-x     0     50      4096 13-Apr-2016 01:44 local
  451057 lrwxrwxrwx     0      0         9 26-Aug-2017 16:49 lock
  451058 drwxrwxr-x     0    108      4096 27-Aug-2017 17:13 log
  451059 drwxrwsr-x     0      8      4096 14-Dec-2016 06:43 mail
  451060 drwxr-xr-x     0      0      4096 14-Dec-2016 06:43 opt
  451061 lrwxrwxrwx     0      0         4 26-Aug-2017 16:49 run
  451062 drwxr-xr-x     0      0      4096 14-Dec-2016 07:08 spool
  451063 drwxrwxrwt     0      0      4096 27-Aug-2017 17:23 tmp
X 460405 drwxr-xr-x     0      0      4096 26-Aug-2017 17:37 www.dpkg-new
  460405 drwxr-xr-x     0      0      4096 26-Aug-2017 17:37 www

dir_partition inode=460405
   P Linux                   65 101 37  1583 148 37   24389632
     ext4 blocksize=4096 Large_file Sparse_SB Recover, 12 GB / 11 GiB
Directory /var/www
  460405 drwxr-xr-x     0      0      4096 26-Aug-2017 17:37 .
  389383 drwxr-xr-x     0      0      4096 26-Aug-2017 17:37 ..
X 460415 drwxr-xr-x     0      0      4096 27-Aug-2017 17:45 html.dpkg-new
  460415 drwxr-xr-x     0      0      4096 27-Aug-2017 17:45 html

dir_partition inode=460415
   P Linux                   65 101 37  1583 148 37   24389632
     ext4 blocksize=4096 Large_file Sparse_SB Recover, 12 GB / 11 GiB
Directory /var/www/html
  460415 drwxr-xr-x     0      0      4096 27-Aug-2017 17:45 .
  460405 drwxr-xr-x     0      0      4096 26-Aug-2017 17:37 ..
  461777 -rw-r--r--     0      0       156 27-Aug-2017 17:44 .htaccess
  463107 drwxr-xr-x  1001   1001      4096 27-Aug-2017 17:43 sysblog.local
  444279 -rw-r--r--     0      0         0 27-Aug-2017 17:45 testdisk.log
X 463488 -rw-r--r--     0      0        40 27-Aug-2017 17:40 index.html

dir_partition inode=463107
   P Linux                   65 101 37  1583 148 37   24389632
     ext4 blocksize=4096 Large_file Sparse_SB Recover, 12 GB / 11 GiB
Directory /var/www/html/sysblog.local
  463107 drwxr-xr-x  1001   1001      4096 27-Aug-2017 17:43 .
  460415 drwxr-xr-x     0      0      4096 27-Aug-2017 17:45 ..
  463113 -rwxr-xr-x     0      0        21 26-Aug-2017 20:34 test.php
  463112 -rwxr-xr-x     0      0        74 26-Aug-2017 20:29 .htaccess
  463488 -rw-r--r--     0      0        40 27-Aug-2017 17:40 index.html
  463108 drwxr-xr-x     0      0      4096 27-Aug-2017 17:24 .idea
X 463113 -rwxr-xr-x     0      0        21 26-Aug-2017 20:34 test.php___jb_tmp___
X 463110 -rw-r--r--     0      0      1385  2-Nov-2016 18:44 test.php___jb_old___

dir_partition inode=463108
   P Linux                   65 101 37  1583 148 37   24389632
     ext4 blocksize=4096 Large_file Sparse_SB Recover, 12 GB / 11 GiB
Directory /var/www/html/sysblog.local/.idea
  463108 drwxr-xr-x     0      0      4096 27-Aug-2017 17:24 .
  463107 drwxr-xr-x  1001   1001      4096 27-Aug-2017 17:43 ..
  463485 -rwxr-xr-x     0      0     11733 27-Aug-2017 17:24 workspace.xml
  463111 drwxr-xr-x     0      0      4096 26-Aug-2017 20:10 inspectionProfiles
  463114 -rwxr-xr-x     0      0       281 26-Aug-2017 20:09 sysblog.local.iml
  463115 -rwxr-xr-x     0      0       278 26-Aug-2017 20:09 modules.xml
X 463485 -rwxr-xr-x     0      0     11733 27-Aug-2017 17:24 workspace.xml___jb_tmp___
X 460961 drwxr-xr-x     0      0      4096 27-Aug-2017 17:46 workspace.xml___jb_old___
Directory /var/www/html/sysblog.local
  463107 drwxr-xr-x  1001   1001      4096 27-Aug-2017 17:43 .
  460415 drwxr-xr-x     0      0      4096 27-Aug-2017 17:45 ..
  463113 -rwxr-xr-x     0      0        21 26-Aug-2017 20:34 test.php
  463112 -rwxr-xr-x     0      0        74 26-Aug-2017 20:29 .htaccess
  463488 -rw-r--r--     0      0        40 27-Aug-2017 17:40 index.html
  463108 drwxr-xr-x     0      0      4096 27-Aug-2017 17:24 .idea
X 463113 -rwxr-xr-x     0      0        21 26-Aug-2017 20:34 test.php___jb_tmp___
X 463110 -rw-r--r--     0      0      1385  2-Nov-2016 18:44 test.php___jb_old___
Directory /var/www/html
  460415 drwxr-xr-x     0      0      4096 27-Aug-2017 17:45 .
  460405 drwxr-xr-x     0      0      4096 26-Aug-2017 17:37 ..
  461777 -rw-r--r--     0      0       156 27-Aug-2017 17:44 .htaccess
  463107 drwxr-xr-x  1001   1001      4096 27-Aug-2017 17:43 sysblog.local
  444279 -rw-r--r--     0      0         0 27-Aug-2017 17:45 testdisk.log
X 463488 -rw-r--r--     0      0        40 27-Aug-2017 17:40 index.html
Directory /var/www
  460405 drwxr-xr-x     0      0      4096 26-Aug-2017 17:37 .
  389383 drwxr-xr-x     0      0      4096 26-Aug-2017 17:37 ..
X 460415 drwxr-xr-x     0      0      4096 27-Aug-2017 17:45 html.dpkg-new
  460415 drwxr-xr-x     0      0      4096 27-Aug-2017 17:45 html

dir_partition inode=460415
   P Linux                   65 101 37  1583 148 37   24389632
     ext4 blocksize=4096 Large_file Sparse_SB Recover, 12 GB / 11 GiB
Directory /var/www/html.dpkg-new
  460415 drwxr-xr-x     0      0      4096 27-Aug-2017 17:45 .
  460405 drwxr-xr-x     0      0      4096 26-Aug-2017 17:37 ..
  461777 -rw-r--r--     0      0       156 27-Aug-2017 17:44 .htaccess
  463107 drwxr-xr-x  1001   1001      4096 27-Aug-2017 17:43 sysblog.local
  444279 -rw-r--r--     0      0         0 27-Aug-2017 17:45 testdisk.log
X 463488 -rw-r--r--     0      0        40 27-Aug-2017 17:40 index.html

dir_partition inode=463107
   P Linux                   65 101 37  1583 148 37   24389632
     ext4 blocksize=4096 Large_file Sparse_SB Recover, 12 GB / 11 GiB
Directory /var/www/html.dpkg-new/sysblog.local
  463107 drwxr-xr-x  1001   1001      4096 27-Aug-2017 17:43 .
  460415 drwxr-xr-x     0      0      4096 27-Aug-2017 17:45 ..
  463113 -rwxr-xr-x     0      0        21 26-Aug-2017 20:34 test.php
  463112 -rwxr-xr-x     0      0        74 26-Aug-2017 20:29 .htaccess
  463488 -rw-r--r--     0      0        40 27-Aug-2017 17:40 index.html
  463108 drwxr-xr-x     0      0      4096 27-Aug-2017 17:24 .idea
X 463113 -rwxr-xr-x     0      0        21 26-Aug-2017 20:34 test.php___jb_tmp___
X 463110 -rw-r--r--     0      0      1385  2-Nov-2016 18:44 test.php___jb_old___
Directory /var/www/html.dpkg-new
  460415 drwxr-xr-x     0      0      4096 27-Aug-2017 17:45 .
  460405 drwxr-xr-x     0      0      4096 26-Aug-2017 17:37 ..
  461777 -rw-r--r--     0      0       156 27-Aug-2017 17:44 .htaccess
  463107 drwxr-xr-x  1001   1001      4096 27-Aug-2017 17:43 sysblog.local
  444279 -rw-r--r--     0      0         0 27-Aug-2017 17:45 testdisk.log
X 463488 -rw-r--r--     0      0        40 27-Aug-2017 17:40 index.html
Directory /var/www
  460405 drwxr-xr-x     0      0      4096 26-Aug-2017 17:37 .
  389383 drwxr-xr-x     0      0      4096 26-Aug-2017 17:37 ..
X 460415 drwxr-xr-x     0      0      4096 27-Aug-2017 17:45 html.dpkg-new
  460415 drwxr-xr-x     0      0      4096 27-Aug-2017 17:45 html
Directory /var
  389383 drwxr-xr-x     0      0      4096 26-Aug-2017 17:37 .
       2 drwxr-xr-x     0      0      4096 26-Aug-2017 16:53 ..
  451053 drwxr-xr-x     0      0      4096 27-Aug-2017 12:09 backups
  451054 drwxr-xr-x     0      0      4096 26-Aug-2017 17:42 cache
  451055 drwxr-xr-x     0      0      4096 26-Aug-2017 22:20 lib
  451056 drwxrwsr-x     0     50      4096 13-Apr-2016 01:44 local
  451057 lrwxrwxrwx     0      0         9 26-Aug-2017 16:49 lock
  451058 drwxrwxr-x     0    108      4096 27-Aug-2017 17:13 log
  451059 drwxrwsr-x     0      8      4096 14-Dec-2016 06:43 mail
  451060 drwxr-xr-x     0      0      4096 14-Dec-2016 06:43 opt
  451061 lrwxrwxrwx     0      0         4 26-Aug-2017 16:49 run
  451062 drwxr-xr-x     0      0      4096 14-Dec-2016 07:08 spool
  451063 drwxrwxrwt     0      0      4096 27-Aug-2017 17:23 tmp
X 460405 drwxr-xr-x     0      0      4096 26-Aug-2017 17:37 www.dpkg-new
  460405 drwxr-xr-x     0      0      4096 26-Aug-2017 17:37 www
Directory /
       2 drwxr-xr-x     0      0      4096 26-Aug-2017 16:53 .
       2 drwxr-xr-x     0      0      4096 26-Aug-2017 16:53 ..
      11 drwx------     0      0     16384 26-Aug-2017 16:47 lost+found
  129793 drwxr-xr-x     0      0      4096 26-Aug-2017 17:35 boot
  389377 drwxr-xr-x     0      0     12288 27-Aug-2017 17:13 etc
  519169 drwxr-xr-x     0      0      4096 26-Aug-2017 17:01 media
  389379 drwxr-xr-x     0      0     12288 26-Aug-2017 17:30 bin
  519170 drwxr-xr-x     0      0      4096 14-Dec-2016 07:24 dev
  389380 drwxr-xr-x     0      0      4096 26-Aug-2017 16:50 home
  519171 drwxr-xr-x     0      0      4096 26-Aug-2017 17:37 lib
      12 drwxr-xr-x     0      0      4096 26-Aug-2017 17:27 lib64
  129795 drwxr-xr-x     0      0      4096 14-Dec-2016 06:43 mnt
  389381 drwxr-xr-x     0      0      4096 26-Aug-2017 17:39 opt
  519172 drwxr-xr-x     0      0      4096 13-Apr-2016 01:44 proc
      13 drwx------     0      0      4096 26-Aug-2017 20:57 root
  129796 drwxr-xr-x     0      0      4096 14-Dec-2016 07:26 run
  519173 drwxr-xr-x     0      0     12288 26-Aug-2017 17:37 sbin
      14 drwxr-xr-x     0      0      4096 14-Dec-2016 06:43 srv
  129797 drwxr-xr-x     0      0      4096  5-Feb-2016 15:18 sys
  389382 drwxrwxrwt     0      0      4096 27-Aug-2017 17:44 tmp
      15 drwxr-xr-x     0      0      4096 14-Dec-2016 06:43 usr
  389383 drwxr-xr-x     0      0      4096 26-Aug-2017 17:37 var
      16 lrwxrwxrwx     0      0        29 26-Aug-2017 16:53 vmlinuz
      17 lrwxrwxrwx     0      0        32 26-Aug-2017 16:53 initrd.img
  551176 drwxr-xr-x     0      0      4096 26-Aug-2017 16:50 cdrom
SIGINT detected! TestDisk has been killed.
